// Jest Snapshot v1, https://goo.gl/fbAQLP

exports[`searchBox 1`] = `
ShallowWrapper {
  "length": 1,
  Symbol(enzyme.__root__): [Circular],
  Symbol(enzyme.__unrendered__): <SearchBox
    onQueryChange={[Function]}
/>,
  Symbol(enzyme.__renderer__): Object {
    "batchedUpdates": [Function],
    "getNode": [Function],
    "render": [Function],
    "simulateEvent": [Function],
    "unmount": [Function],
  },
  Symbol(enzyme.__node__): Object {
    "instance": null,
    "key": undefined,
    "nodeType": "class",
    "props": Object {
      "disabled": false,
      "floatingLabelFixed": false,
      "fullWidth": true,
      "hintStyle": Object {
        "color": "hsl(0, 0%, 75%)",
        "fontSize": "15px",
      },
      "hintText": "Natur i Norge",
      "id": "1",
      "inputStyle": Object {
        "color": "black",
        "fontSize": "15px",
      },
      "multiLine": false,
      "onChange": [Function],
      "onFocus": [Function],
      "onKeyDown": [Function],
      "rows": 1,
      "style": Object {
        "lineHeight": "24px",
      },
      "type": "text",
      "underlineShow": false,
      "value": "",
    },
    "ref": [Function],
    "rendered": null,
    "type": [Function],
  },
  Symbol(enzyme.__nodes__): Array [
    Object {
      "instance": null,
      "key": undefined,
      "nodeType": "class",
      "props": Object {
        "disabled": false,
        "floatingLabelFixed": false,
        "fullWidth": true,
        "hintStyle": Object {
          "color": "hsl(0, 0%, 75%)",
          "fontSize": "15px",
        },
        "hintText": "Natur i Norge",
        "id": "1",
        "inputStyle": Object {
          "color": "black",
          "fontSize": "15px",
        },
        "multiLine": false,
        "onChange": [Function],
        "onFocus": [Function],
        "onKeyDown": [Function],
        "rows": 1,
        "style": Object {
          "lineHeight": "24px",
        },
        "type": "text",
        "underlineShow": false,
        "value": "",
      },
      "ref": [Function],
      "rendered": null,
      "type": [Function],
    },
  ],
  Symbol(enzyme.__options__): Object {
    "adapter": ReactSixteenAdapter {
      "options": Object {
        "enableComponentDidUpdateOnSetState": true,
      },
    },
  },
}
`;

exports[`searchBox 2`] = `
ShallowWrapper {
  "length": 1,
  Symbol(enzyme.__root__): [Circular],
  Symbol(enzyme.__unrendered__): <SearchBox
    onQueryChange={[Function]}
/>,
  Symbol(enzyme.__renderer__): Object {
    "batchedUpdates": [Function],
    "getNode": [Function],
    "render": [Function],
    "simulateEvent": [Function],
    "unmount": [Function],
  },
  Symbol(enzyme.__node__): Object {
    "instance": null,
    "key": undefined,
    "nodeType": "class",
    "props": Object {
      "disabled": false,
      "floatingLabelFixed": false,
      "fullWidth": true,
      "hintStyle": Object {
        "color": "hsl(0, 0%, 75%)",
        "fontSize": "15px",
      },
      "hintText": "Natur i Norge",
      "id": "1",
      "inputStyle": Object {
        "color": "black",
        "fontSize": "15px",
      },
      "multiLine": false,
      "onChange": [Function],
      "onFocus": [Function],
      "onKeyDown": [Function],
      "rows": 1,
      "style": Object {
        "lineHeight": "24px",
      },
      "type": "text",
      "underlineShow": false,
      "value": "",
    },
    "ref": [Function],
    "rendered": null,
    "type": [Function],
  },
  Symbol(enzyme.__nodes__): Array [
    Object {
      "instance": null,
      "key": undefined,
      "nodeType": "class",
      "props": Object {
        "disabled": false,
        "floatingLabelFixed": false,
        "fullWidth": true,
        "hintStyle": Object {
          "color": "hsl(0, 0%, 75%)",
          "fontSize": "15px",
        },
        "hintText": "Natur i Norge",
        "id": "1",
        "inputStyle": Object {
          "color": "black",
          "fontSize": "15px",
        },
        "multiLine": false,
        "onChange": [Function],
        "onFocus": [Function],
        "onKeyDown": [Function],
        "rows": 1,
        "style": Object {
          "lineHeight": "24px",
        },
        "type": "text",
        "underlineShow": false,
        "value": "",
      },
      "ref": [Function],
      "rendered": null,
      "type": [Function],
    },
  ],
  Symbol(enzyme.__options__): Object {
    "adapter": ReactSixteenAdapter {
      "options": Object {
        "enableComponentDidUpdateOnSetState": true,
      },
    },
  },
}
`;
