// Jest Snapshot v1, https://goo.gl/fbAQLP

exports[`Highlight 1`] = `
<Unknown>
   
  <span
    style={Object {}}
  />
  <span
    style={
      Object {
        "color": "black",
        "fontWeight": "bold",
      }
    }
  >
    Ka
  </span>
  <span
    style={Object {}}
  >
    rmøy
  </span>
   
</Unknown>
`;
