// Jest Snapshot v1, https://goo.gl/fbAQLP

exports[`Highlight 1`] = `
<React.Fragment>
   
  <span
    style={
      Object {
        "color": "#333",
        "fontWeight": 400,
      }
    }
  >
    
  </span>
  <span
    style={
      Object {
        "color": "black",
        "fontWeight": 500,
      }
    }
  >
    Ka
  </span>
  <span
    style={
      Object {
        "color": "#333",
        "fontWeight": 400,
      }
    }
  >
    rmøy
  </span>
</React.Fragment>
`;
